../User_Algorithm/Src/user_coord.c:12:7:Math_Deg2Rad	16	static
../User_Algorithm/Src/user_coord.c:21:7:Math_Rad2Deg	16	static
../User_Algorithm/Src/user_coord.c:30:7:Math_WrapAngleRad	24	static
../User_Algorithm/Src/user_coord.c:45:7:Math_WrapAngleDeg	24	static
../User_Algorithm/Src/user_coord.c:63:7:Distance_Cartesian	32	static
../User_Algorithm/Src/user_coord.c:75:7:Magnitude_Cartesian	16	static
../User_Algorithm/Src/user_coord.c:85:7:AngleDifference_Cartesian	32	static
../User_Algorithm/Src/user_coord.c:108:6:Add_Cartesian	24	static
../User_Algorithm/Src/user_coord.c:120:6:Subtract_Cartesian	24	static
../User_Algorithm/Src/user_coord.c:132:6:Scale_Cartesian	24	static
../User_Algorithm/Src/user_coord.c:143:6:Normalize_Cartesian	24	static
../User_Algorithm/Src/user_coord.c:160:7:DotProduct_Cartesian	16	static
../User_Algorithm/Src/user_coord.c:170:6:CrossProduct_Cartesian	24	static
../User_Algorithm/Src/user_coord.c:182:6:Project_Cartesian	40	static
../User_Algorithm/Src/user_coord.c:203:6:Lerp_Cartesian	24	static
../User_Algorithm/Src/user_coord.c:216:6:Normalize_Polar	16	static
../User_Algorithm/Src/user_coord.c:228:6:Add_Polar	64	static
../User_Algorithm/Src/user_coord.c:243:6:Subtract_Polar	64	static
../User_Algorithm/Src/user_coord.c:258:6:Scale_Polar	24	static
../User_Algorithm/Src/user_coord.c:270:7:Distance_Polar	40	static
../User_Algorithm/Src/user_coord.c:285:7:AbsAngleDifference_Polar	24	static
../User_Algorithm/Src/user_coord.c:298:7:YawDifference_Polar	16	static
../User_Algorithm/Src/user_coord.c:308:7:PitchDifference_Polar	16	static
../User_Algorithm/Src/user_coord.c:319:6:Lerp_Polar	32	static
../User_Algorithm/Src/user_coord.c:337:6:CartesianToPolar	24	static
../User_Algorithm/Src/user_coord.c:352:6:PolarToCartesian	40	static
../User_Algorithm/Src/user_coord.c:370:6:RotateX_Cartesian	40	static
../User_Algorithm/Src/user_coord.c:386:6:RotateY_Cartesian	40	static
../User_Algorithm/Src/user_coord.c:402:6:RotateZ_Cartesian	40	static
../User_Algorithm/Src/user_coord.c:418:6:RotateByMatrix_Cartesian	24	static
../User_Algorithm/Src/user_coord.c:431:6:RotateByQuaternion_Cartesian	72	static
../User_Algorithm/Src/user_coord.c:458:6:Quaternion_Identity	16	static
../User_Algorithm/Src/user_coord.c:471:6:Quaternion_FromAxisAngle	48	static
../User_Algorithm/Src/user_coord.c:490:6:Quaternion_FromEuler	56	static
../User_Algorithm/Src/user_coord.c:513:6:Quaternion_ToEuler	40	static
../User_Algorithm/Src/user_coord.c:536:6:Quaternion_Multiply	24	static
../User_Algorithm/Src/user_coord.c:548:6:Quaternion_Conjugate	16	static
../User_Algorithm/Src/user_coord.c:560:7:Quaternion_Magnitude	16	static
../User_Algorithm/Src/user_coord.c:569:6:Quaternion_Normalize	24	static
../User_Algorithm/Src/user_coord.c:589:6:Quaternion_Slerp	72	static
../User_Algorithm/Src/user_coord.c:636:6:RotationMatrix_Identity	24	static
../User_Algorithm/Src/user_coord.c:649:6:RotationMatrix_FromEuler	56	static
../User_Algorithm/Src/user_coord.c:679:6:RotationMatrix_FromQuaternion	48	static
../User_Algorithm/Src/user_coord.c:707:6:RotationMatrix_ToQuaternion	40	static
../User_Algorithm/Src/user_coord.c:743:6:RotationMatrix_Multiply	80	static
../User_Algorithm/Src/user_coord.c:761:6:RotationMatrix_Transpose	24	static
../User_Algorithm/Src/user_coord.c:776:6:EulerAngles_FromQuaternion	16	static
../User_Algorithm/Src/user_coord.c:785:6:EulerAngles_FromRotationMatrix	16	static
../User_Algorithm/Src/user_coord.c:802:6:EulerAngles_Normalize	16	static
../User_Algorithm/Src/user_coord.c:817:6:TransformPoint_Cartesian	40	static
../User_Algorithm/Src/user_coord.c:831:6:InverseTransformPoint_Cartesian	72	static
