../Core/Src/main.c:82:5:main	48	static
../Core/Src/main.c:162:6:SystemClock_Config	88	static
../Core/Src/main.c:215:13:MX_CAN1_Init	8	static
../Core/Src/main.c:252:13:MX_CAN2_Init	8	static
../Core/Src/main.c:289:13:MX_TIM14_Init	8	static
../Core/Src/main.c:320:13:MX_USART1_UART_Init	8	static
../Core/Src/main.c:353:13:MX_USART6_UART_Init	8	static
../Core/Src/main.c:384:13:MX_DMA_Init	16	static
../Core/Src/main.c:408:13:MX_GPIO_Init	56	static
../Core/Src/main.c:467:6:Error_Handler	4	static,ignoring_inline_asm
